// Jest Snapshot v1, https://goo.gl/fbAQLP

exports[`renders a file widget component 1`] = `
Array [
  <div
    className="inline field"
    id="field-my-field"
  >
    <div
      className="ui grid"
    >
      <div
        className="stretched row"
      >
        <div
          className="four wide column"
        >
          <div
            className="wrapper"
          >
            <label
              htmlFor="field-my-field"
            >
              My field
            </label>
          </div>
        </div>
        <div
          className="eight wide column"
        >
          <div
            onBlur={[Function]}
            onClick={[Function]}
            onDragEnter={[Function]}
            onDragLeave={[Function]}
            onDragOver={[Function]}
            onDrop={[Function]}
            onFocus={[Function]}
            onKeyDown={[Function]}
            tabIndex={0}
          >
            <img
              className="ui small image image-preview"
              id="field-my-field-image"
              src="block-image.svg"
            />
            <label
              className="label-file-widget-input"
              htmlFor="field-my-field"
            >
              Choose a File/Image
            </label>
            <div
              className="ui input file-widget-input"
            >
              <input
                id="field-my-field"
                name="my-field"
                onChange={[Function]}
                type="file"
              />
            </div>
          </div>
          <div
            className="field-file-name"
          />
        </div>
      </div>
    </div>
  </div>,
  ",",
]
`;
